[www.kubagym.org/hff/index.html]
[www.kubagym.org/hff/img/branding/logo.png]
[www.kubagym.org/hff/styles/reset.css]
[www.kubagym.org/hff/styles/style.css]
[www.kubagym.org/hff/styles/debug.css]
[www.kubagym.org/hff/styles/cards.css]
[www.kubagym.org/hff/styles/nav.css]
[www.kubagym.org/hff/styles/section.css]
[www.kubagym.org/hff/styles/article.css]
[www.kubagym.org/hff/styles/footer.css]
[backblue.gif]
[fade.gif]
[index.html]
[www.kubagym.org/hff/index.html]
[www.kubagym.org/hff/img/branding/logo-text.png]
[www.kubagym.org/hff/kontakt.html]
[www.kubagym.org/hff/img/banner.png]
[www.kubagym.org/hff/kampagne.html]
[www.kubagym.org/hff/energiemengen.html]
[www.kubagym.org/hff/img/Energiemengen.png]
[www.kubagym.org/hff/unavailable.html]
[www.kubagym.org/hff/img/explosion.jpg]
[www.kubagym.org/hff/erzeugung.html]
[www.kubagym.org/hff/img/Rinnenkraftwerk.jpg]
[www.kubagym.org/hff/speicherung.html]
[www.kubagym.org/hff/img/Tollesbild.jpg]
[www.kubagym.org/hff/anwendung.html]
[www.kubagym.org/hff/img/Mirai.jpg]
[www.kubagym.org/hff/img/branding/Logo KUBAGYMneu.jpg]
[www.kubagym.org/hff/img/branding/MINT-EC-Logo.jpg]
[www.kubagym.org/hff/scripts/random_header.js]
[www.kubagym.org/hff/index.html]
[www.kubagym.org/hff/styles/reset.css]
[www.kubagym.org/hff/styles/style.css]
[www.kubagym.org/hff/styles/debug.css]
[www.kubagym.org/hff/styles/cards.css]
[www.kubagym.org/hff/styles/nav.css]
[www.kubagym.org/hff/styles/section.css]
[www.kubagym.org/hff/styles/article.css]
[www.kubagym.org/hff/styles/footer.css]
[www.kubagym.org/hff/index.html]
[www.kubagym.org/hff/kontakt.html]
[www.kubagym.org/hff/kampagne.html]
[cdn.jsdelivr.net/npm/mathjax@3/es5/tex-mml-chtml.js]
[www.kubagym.org/hff/img/Windkraftwerk.jpg]
[www.kubagym.org/hff/img/animations/rinnenkraft2.webm]
[www.kubagym.org/hff/img/animations/windkraft2.webm]
[www.kubagym.org/hff/energiemengen.html]
[www.kubagym.org/hff/unavailable.html]
[www.kubagym.org/hff/solarrinnenkraftwerk.html]
[www.kubagym.org/hff/windkraftwerk.html]
[www.kubagym.org/hff/img/Windkraftwerk1.jpg]
[www.kubagym.org/hff/erzeugung.html]
[www.kubagym.org/hff/kaverne.html]
[www.kubagym.org/hff/speicherung.html]
[www.kubagym.org/hff/img/kaverne.png]
[www.kubagym.org/hff/wasserstoff-verbrennungsmotor.html]
[www.kubagym.org/hff/anwendung.html]
[www.kubagym.org/hff/www.kubagym.html]
[www.kubagym.org/hff/www.mint-ec.html]
[polyfill.io/v3/polyfill.min1162.js]
[www.kubagym.org/hff/solarrinnenkraftwerk.html]
[www.kubagym.org/hff/img/KaverneKarte.jpg]
[www.kubagym.org/hff/img/Windkraftwerk2.jpg]
[www.kubagym.org/hff/windkraftwerk.html]
[www.kubagym.org/hff/kaverne.html]
[www.kubagym.org/hff/img/wasserstoff-verbrennungsmotor-aufbau.jpg]
[www.kubagym.org/hff/wasserstoff-verbrennungsmotor.html]
